2025-12-02T20:15:08.9630714Z - ObtenerPorCorreo: Param=qwerty@xd.com -> NOT FOUND
2025-12-02T20:27:26.7761044Z - ObtenerPorCorreo: Param=caballo@gmail.com -> Encontrado Id=7
2025-12-02T20:28:06.1158756Z - ObtenerPorCorreo: Param=qwerty@xd.com -> Encontrado Id=9
2025-12-02T20:29:41.4263779Z - ObtenerPorCorreo: Param=pan@gmail.com -> Encontrado Id=4
2025-12-02T20:29:45.3643937Z - ObtenerPorCorreo: Param=pan@gmail.com -> Encontrado Id=4
2025-12-02T20:58:30.1374734Z - ObtenerPorCorreo: Param=gorrion@gmail.com -> Encontrado Id=6
2025-12-02T21:01:41.6520958Z - ObtenerPorCorreo: Param=blackpeaxs@gmail.com -> Encontrado Id=2
2025-12-02T21:02:21.3660414Z - ObtenerPorCorreo: Param=gorrion@gmail.com -> Encontrado Id=6
2025-12-02T21:35:38.5203591Z - ObtenerPorCorreo: Param=gorrion@gmail.com -> Encontrado Id=6
2025-12-02T21:36:08.6496473Z - ObtenerPorCorreo: Param=gorrion@gmail.com -> Encontrado Id=6
2025-12-02T22:43:50.6855682Z - ObtenerPorCorreo: Param=xiaomi@gmail.com -> Encontrado Id=8
2025-12-02T23:00:16.8605632Z - ObtenerPorCorreo: Param=gorrion@gmail.com -> Encontrado Id=6
2025-12-02T23:01:54.6660115Z - ObtenerPorCorreo: Param=gorrion@gmail.com -> Encontrado Id=6
2025-12-02T23:02:05.8618095Z - ObtenerPorCorreo: Param=gorrion@gmail.com -> Encontrado Id=6
2025-12-02T23:02:19.4283682Z - ObtenerPorCorreo: Param=gorrion@gmail.com -> Encontrado Id=6
2025-12-02T23:14:52.2810589Z - ObtenerPorCorreo: Param=xiaomi@gmail.com -> Encontrado Id=8
2025-12-02T23:40:38.0398899Z - ObtenerPorCorreo: Param=pepepepe@gmail.com -> Encontrado Id=3
2025-12-02T23:42:11.0214139Z - ObtenerPorCorreo: Param=pepepepe@gmail.com -> Encontrado Id=3
2025-12-02T23:42:15.5407758Z - ObtenerPorCorreo: Param=pepepepe@gmail.com -> Encontrado Id=3
2025-12-03T00:05:58.0379024Z - ObtenerPorCorreo: Param=gorrion@gmail.com -> Encontrado Id=6
2025-12-03T00:14:37.2763234Z - ObtenerPorCorreo: Param=xiaomi@gmail.com -> Encontrado Id=8
2025-12-03T00:47:45.6284189Z - ObtenerPorCorreo: Param=caballo@gmail.com -> Encontrado Id=7
2025-12-03T00:49:09.8888148Z - ObtenerPorCorreo: Param=caballo@gmail.com -> Encontrado Id=7
2025-12-03T01:22:16.3862162Z - ObtenerPorCorreo: Param=xiaomi@gmail.com -> Encontrado Id=8
2025-12-03T01:27:54.3480061Z - ObtenerPorCorreo: Param=xiaomi@gmail.com -> Encontrado Id=8
2025-12-03T01:28:48.4943627Z - ObtenerPorCorreo: Param=xiaomi@gmail.com -> Encontrado Id=8
2025-12-03T01:29:55.7244667Z - ObtenerPorCorreo: Param=asereje@gmail.com -> NOT FOUND
2025-12-03T01:29:55.8020242Z - ObtenerPorCorreo: Param=asereje@gmail.com -> Encontrado Id=10
2025-12-03T01:53:22.0342710Z - ObtenerPorCorreo: Param=asereje@gmail.com -> Encontrado Id=10
2025-12-03T02:31:43.6880308Z - ObtenerPorCorreo: Param=caballo@gmail.com -> Encontrado Id=7
2025-12-03T02:32:03.0408259Z - ObtenerPorCorreo: Param=pepepepe@gmail.com -> Encontrado Id=3
2025-12-03T02:32:08.5727962Z - ObtenerPorCorreo: Param=pepepepe@gmail.com -> Encontrado Id=3
2025-12-03T02:33:44.8916022Z - ObtenerPorCorreo: Param=pepepepe@gmail.com -> Encontrado Id=3
2025-12-03T02:37:31.1626288Z - ObtenerPorCorreo: Param=depredator@gmail.com -> NOT FOUND
2025-12-03T02:37:31.2344932Z - ObtenerPorCorreo: Param=depredator@gmail.com -> Encontrado Id=11
2025-12-03T02:37:47.5121758Z - ObtenerPorCorreo: Param=depredator@gmail.com -> Encontrado Id=11
2025-12-03T16:14:32.9664284Z - ObtenerPorCorreo: Param=caballo@gmail.com -> Encontrado Id=7
2025-12-03T16:14:39.1840888Z - ObtenerPorCorreo: Param=caballo@gmail.com -> Encontrado Id=7
2025-12-03T17:13:11.5189323Z - ObtenerPorCorreo: Param=waaaoow@gmail.com -> NOT FOUND
2025-12-03T17:20:40.8809215Z - ObtenerPorCorreo: Param=waaaoow@gmail.com -> NOT FOUND
2025-12-03T17:53:22.4877612Z - ObtenerPorCorreo: Param=waaaow@gmail.com1 -> NOT FOUND
2025-12-03T17:55:39.4197485Z - ObtenerPorCorreo: Param=caballo@gmail.com -> Encontrado Id=7
2025-12-03T18:03:18.1539111Z - ObtenerPorCorreo: Param=caballo@gmail.com -> Encontrado Id=7
2025-12-03T18:03:27.4949118Z - ObtenerPorCorreo: Param=caballo@gmail.com -> Encontrado Id=7
2025-12-03T23:11:05.3074484Z - ObtenerPorCorreo: Param=caballo@gmail.com -> Encontrado Id=7
2025-12-03T23:26:21.1689178Z - ObtenerPorCorreo: Param=caballo@gmail.com -> Encontrado Id=7
2025-12-03T23:50:22.9284925Z - ObtenerPorCorreo: Param=caballo@gmail.com -> Encontrado Id=7
2025-12-03T23:52:15.4653441Z - ObtenerPorCorreo: Param=caballo@gmail.com -> Encontrado Id=7
2025-12-03T23:57:29.0521225Z - ObtenerPorCorreo: Param=caballo@gmail.com -> Encontrado Id=7
2025-12-04T00:10:38.7802803Z - ObtenerPorCorreo: Param=caballo@gmail.com -> Encontrado Id=7
2025-12-04T00:36:35.4732400Z - ObtenerPorCorreo: Param=caballo@gmail.com -> Encontrado Id=7
2025-12-04T01:05:13.3958064Z - ObtenerPorCorreo: Param=caballo@gmail.com -> Encontrado Id=7
2025-12-04T01:28:27.4919335Z - ObtenerPorCorreo: Param=caballo@gmail.com -> Encontrado Id=7
2025-12-04T05:10:07.1356460Z - ObtenerPorCorreo: Param=caballo@gmail.com -> Encontrado Id=7
2025-12-04T06:55:05.7811851Z - ObtenerPorCorreo: Param=caballo@gmail.com -> Encontrado Id=7
2025-12-04T06:56:25.4358910Z - ObtenerPorCorreo: Param=caballo@gmail.com -> Encontrado Id=7
2025-12-04T07:22:50.1204653Z - ObtenerPorCorreo: Param=caballo@gmail.com -> Encontrado Id=7
2025-12-04T07:33:25.6256538Z - ObtenerPorCorreo: Param=caballo@gmail.com -> Encontrado Id=7
2025-12-04T07:38:32.7325978Z - ObtenerPorCorreo: Param=caballo@gmail.com -> Encontrado Id=7
2025-12-04T07:42:59.8126738Z - ObtenerPorCorreo: Param=caballo@gmail.com -> Encontrado Id=7
2025-12-04T07:58:56.3843113Z - ObtenerPorCorreo: Param=caballo@gmail.com -> Encontrado Id=7
2025-12-04T08:04:28.1471029Z - ObtenerPorCorreo: Param=caballo@gmail.com -> Encontrado Id=7
2025-12-04T08:23:49.0242493Z - ObtenerPorCorreo: Param=caballo@gmail.com -> Encontrado Id=7
2025-12-04T08:34:11.4375004Z - ObtenerPorCorreo: Param=caballo@gmail.com -> Encontrado Id=7
2025-12-04T17:20:45.0860391Z - ObtenerPorCorreo: Param=caballo@gmail.com -> Encontrado Id=7
2025-12-04T17:36:18.8342630Z - ObtenerPorCorreo: Param=caballo@gmail.com -> Encontrado Id=7
2025-12-04T17:59:55.8456005Z - ObtenerPorCorreo: Param=caballo@gmail.com -> Encontrado Id=7
2025-12-04T18:29:43.3801671Z - ObtenerPorCorreo: Param=caballo@gmail.com -> Encontrado Id=7
2025-12-04T18:39:38.1695293Z - ObtenerPorCorreo: Param=caballo@gmail.com -> Encontrado Id=7
2025-12-04T18:51:23.3485000Z - ObtenerPorCorreo: Param=caballo@gmail.com -> Encontrado Id=7
2025-12-04T18:59:43.2179782Z - ObtenerPorCorreo: Param=caballo@gmail.com -> Encontrado Id=7
2025-12-04T19:12:24.1735555Z - ObtenerPorCorreo: Param=caballo@gmail.com -> Encontrado Id=7
2025-12-04T19:19:31.1927252Z - ObtenerPorCorreo: Param=caballo@gmail.com -> Encontrado Id=7
2025-12-04T19:27:29.6494735Z - ObtenerPorCorreo: Param=caballo@gmail.com -> Encontrado Id=7
2025-12-04T19:35:03.5665070Z - ObtenerPorCorreo: Param=caballo@gmail.com -> Encontrado Id=7
2025-12-04T20:31:36.7156372Z - ObtenerPorCorreo: Param=caballo@gmail.com -> Encontrado Id=7
2025-12-04T20:35:15.7906201Z - ObtenerPorCorreo: Param=caballo@gmail.com -> Encontrado Id=7
2025-12-04T22:15:32.7598807Z - ObtenerPorCorreo: Param=caballo@gmail.com -> Encontrado Id=7
2025-12-04T22:16:08.3092412Z - ObtenerPorCorreo: Param=asereje@gmail.com -> Encontrado Id=10
2025-12-04T22:34:44.7415876Z - ObtenerPorCorreo: Param=caballo@gmail.com -> Encontrado Id=7
2025-12-04T22:36:19.3543076Z - ObtenerPorCorreo: Param=caballo@gmail.com -> Encontrado Id=7
2025-12-04T22:51:23.8712096Z - ObtenerPorCorreo: Param=caballo@gmail.com -> Encontrado Id=7
2025-12-04T23:03:44.8673823Z - ObtenerPorCorreo: Param=caballo@gmail.com -> Encontrado Id=7
2025-12-04T23:06:34.1044197Z - ObtenerPorCorreo: Param=caballo@gmail.com -> Encontrado Id=7
2025-12-04T23:23:28.5656019Z - ObtenerPorCorreo: Param=depredator@gmail.com -> Encontrado Id=11
2025-12-05T00:52:16.0443066Z - ObtenerPorCorreo: Param=admin@tuapp.com -> NOT FOUND
2025-12-05T00:52:18.6074965Z - ObtenerPorCorreo: Param=admin@tuapp.com -> NOT FOUND
2025-12-05T00:52:25.6919371Z - ObtenerPorCorreo: Param=admin@tuapp.com -> NOT FOUND
2025-12-05T00:54:04.0824649Z - ObtenerPorCorreo: Param=admin@tuapp.com -> NOT FOUND
2025-12-05T00:54:17.6843858Z - ObtenerPorCorreo: Param=admin@tuapp.com -> NOT FOUND
2025-12-05T00:58:53.7318399Z - ObtenerPorCorreo: Param=inazumaxd@gmail.com -> NOT FOUND
2025-12-05T01:00:18.5917084Z - ObtenerPorCorreo: Param=admin@tuapp.com -> NOT FOUND
2025-12-05T01:00:27.9951811Z - ObtenerPorCorreo: Param=admin@tuapp.com -> NOT FOUND
2025-12-05T01:01:22.6262994Z - ObtenerPorCorreo: Param=jodain@tuapp.com -> NOT FOUND
2025-12-05T02:05:47.4254862Z - ObtenerPorCorreo: Param=admin@tuapp.com -> NOT FOUND
